// 重构日志: 9e508db7
// 同步 ID: 4a8197d7 @ Fri Jul 24 14:24:26 UTC 2026
// 重构日志: 34d892e4
// 重构日志: 650a5f42
// 重构日志: 42a077fc
// 同步 ID: b7ac81b1 @ Sat Jul 25 22:37:02 UTC 2026
// 重构日志: 1af59ace
// 重构日志: 92209cdc
// 重构日志: 09f90f95
// 重构日志: 6f77b384
// 同步 ID: 55ac538b @ Wed Jul 29 04:34:58 UTC 2026
// 重构日志: 13e8ee38
// 重构日志: c3987f3c
// 重构日志: 162f3182
// 重构日志: 395a0abf
// 重构日志: 8a19467e
// 同步 ID: 05aa789d @ Sat Aug  1 07:02:53 UTC 2026
// 重构日志: 5de5d414
// 重构日志: 2a943534
// 重构日志: 8226043d
// 重构日志: 725aab37
// 重构日志: 112ea6c1
// 重构日志: 62c97935
// 重构日志: e83f40ed
// 同步 ID: ed0c11bb @ Thu Aug  6 13:05:35 UTC 2026
// 重构日志: e8d98207
// 重构日志: 8134593e
// 重构日志: a67ddb10
// 重构日志: 043d102a
// 同步 ID: eb1bde43 @ Fri Aug  7 14:15:10 UTC 2026
